Test project /Users/javi/GitHub/.ls-worktrees/cpp-fix/build
        Start   1: ResultTest.OkResultIsNotError
        Start   2: ResultTest.ErrorResultIsNotOk
        Start   3: ResultTest.ReadingErrorValueFailsPredictably
        Start   4: ResultTest.VoidOkResult
  1/382 Test   #1: ResultTest.OkResultIsNotError .........................................................   Passed    0.03 sec
  2/382 Test   #3: ResultTest.ReadingErrorValueFailsPredictably ..........................................   Passed    0.02 sec
        Start   5: ResultTest.VoidErrorResult
        Start   6: ResultTest.StringResult
  3/382 Test   #2: ResultTest.ErrorResultIsNotOk .........................................................   Passed    0.03 sec
  4/382 Test   #4: ResultTest.VoidOkResult ...............................................................   Passed    0.03 sec
        Start   7: ErrorCodeTest.ToStringConversion
        Start   8: LicenseTest.DefaultConstructor
  5/382 Test   #5: ResultTest.VoidErrorResult ............................................................   Passed    0.02 sec
        Start   9: LicenseTest.FullConstructor
  6/382 Test   #6: ResultTest.StringResult ...............................................................   Passed    0.02 sec
        Start  10: LicenseTest.IsValidWhenActive
  7/382 Test   #7: ErrorCodeTest.ToStringConversion ......................................................   Passed    0.02 sec
        Start  11: LicenseTest.IsNotValidWhenExpired
  8/382 Test   #8: LicenseTest.DefaultConstructor ........................................................   Passed    0.03 sec
        Start  12: LicenseTest.IsNotValidWhenNotStarted
  9/382 Test   #9: LicenseTest.FullConstructor ...........................................................   Passed    0.02 sec
        Start  13: LicenseTest.IsNotValidWhenRevoked
 10/382 Test  #11: LicenseTest.IsNotValidWhenExpired .....................................................   Passed    0.02 sec
        Start  14: LicenseTest.IsNotValidWhenSuspended
 11/382 Test  #10: LicenseTest.IsValidWhenActive .........................................................   Passed    0.02 sec
        Start  15: LicenseTest.HasAvailableSeats
 12/382 Test  #12: LicenseTest.IsNotValidWhenNotStarted ..................................................   Passed    0.02 sec
        Start  16: LicenseTest.NoAvailableSeats
 13/382 Test  #14: LicenseTest.IsNotValidWhenSuspended ...................................................   Passed    0.02 sec
        Start  17: LicenseTest.UnlimitedSeats
 14/382 Test  #13: LicenseTest.IsNotValidWhenRevoked .....................................................   Passed    0.02 sec
        Start  18: LicenseTest.NoExpiryMeansNotExpired
 15/382 Test  #15: LicenseTest.HasAvailableSeats .........................................................   Passed    0.02 sec
        Start  19: LicenseStatusTest.ToStringConversion
 16/382 Test  #16: LicenseTest.NoAvailableSeats ..........................................................   Passed    0.02 sec
        Start  20: LicenseStatusTest.FromStringConversion
 17/382 Test  #17: LicenseTest.UnlimitedSeats ............................................................   Passed    0.03 sec
        Start  21: LicenseModeTest.ToStringConversion
 18/382 Test  #18: LicenseTest.NoExpiryMeansNotExpired ...................................................   Passed    0.03 sec
        Start  22: LicenseModeTest.FromStringConversion
 19/382 Test  #19: LicenseStatusTest.ToStringConversion ..................................................   Passed    0.03 sec
        Start  23: ActivationTest.DefaultConstructor
 20/382 Test  #20: LicenseStatusTest.FromStringConversion ................................................   Passed    0.03 sec
        Start  24: ActivationTest.FullConstructor
 21/382 Test  #21: LicenseModeTest.ToStringConversion ....................................................   Passed    0.02 sec
 22/382 Test  #22: LicenseModeTest.FromStringConversion ..................................................   Passed    0.02 sec
        Start  25: ActivationTest.DeactivatedActivation
        Start  26: OfflineTokenTest.DefaultState
 23/382 Test  #23: ActivationTest.DefaultConstructor .....................................................   Passed    0.02 sec
        Start  27: OfflineTokenTest.IsExpired
 24/382 Test  #24: ActivationTest.FullConstructor ........................................................   Passed    0.02 sec
        Start  28: OfflineTokenTest.IsNotExpired
 25/382 Test  #25: ActivationTest.DeactivatedActivation ..................................................   Passed    0.02 sec
        Start  29: OfflineTokenTest.HasEntitlement
 26/382 Test  #26: OfflineTokenTest.DefaultState .........................................................   Passed    0.02 sec
        Start  30: OfflineTokenTest.ExpiredEntitlement
 27/382 Test  #27: OfflineTokenTest.IsExpired ............................................................   Passed    0.03 sec
        Start  31: OfflineTokenTest.IsNotYetValid
 28/382 Test  #28: OfflineTokenTest.IsNotExpired .........................................................   Passed    0.02 sec
        Start  32: OfflineTokenTest.LicenseExpired
 29/382 Test  #29: OfflineTokenTest.HasEntitlement .......................................................   Passed    0.02 sec
        Start  33: ReleaseTest.DefaultState
 30/382 Test  #30: OfflineTokenTest.ExpiredEntitlement ...................................................   Passed    0.02 sec
        Start  34: DownloadTokenTest.DefaultState
 31/382 Test  #32: OfflineTokenTest.LicenseExpired .......................................................   Passed    0.02 sec
        Start  35: DeactivationTest.DefaultState
 32/382 Test  #31: OfflineTokenTest.IsNotYetValid ........................................................   Passed    0.03 sec
        Start  36: ConfigTest.DefaultValues
 33/382 Test  #33: ReleaseTest.DefaultState ..............................................................   Passed    0.03 sec
        Start  37: ConfigTest.CustomValues
 34/382 Test  #34: DownloadTokenTest.DefaultState ........................................................   Passed    0.02 sec
        Start  38: EntitlementTest.DefaultState
 35/382 Test  #36: ConfigTest.DefaultValues ..............................................................   Passed    0.02 sec
        Start  39: EntitlementTest.WithExpiry
 36/382 Test  #35: DeactivationTest.DefaultState .........................................................   Passed    0.03 sec
        Start  40: EntitlementTest.CheckEntitlementWithNoLicense
 37/382 Test  #37: ConfigTest.CustomValues ...............................................................   Passed    0.02 sec
        Start  41: EntitlementTest.CheckMultipleEntitlements
 38/382 Test  #38: EntitlementTest.DefaultState ..........................................................   Passed    0.02 sec
        Start  42: ProductTest.DefaultState
 39/382 Test  #39: EntitlementTest.WithExpiry ............................................................   Passed    0.02 sec
        Start  43: ValidationWarningTest.DefaultState
 40/382 Test  #40: EntitlementTest.CheckEntitlementWithNoLicense .........................................   Passed    0.02 sec
        Start  44: ClientTest.CanBeConstructed
 41/382 Test  #41: EntitlementTest.CheckMultipleEntitlements .............................................   Passed    0.03 sec
        Start  45: ClientTest.GeneratesDeviceIdIfNotProvided
 42/382 Test  #42: ProductTest.DefaultState ..............................................................   Passed    0.03 sec
        Start  46: ClientTest.FingerprintAliasMatchesDeviceId
 43/382 Test  #43: ValidationWarningTest.DefaultState ....................................................   Passed    0.03 sec
        Start  47: ClientTest.ValidateWithEmptyKeyFails
 44/382 Test  #44: ClientTest.CanBeConstructed ...........................................................   Passed    0.03 sec
        Start  48: ClientTest.ValidateReturnsNetworkErrorWhenNoServer
 45/382 Test  #45: ClientTest.GeneratesDeviceIdIfNotProvided .............................................   Passed    0.03 sec
 46/382 Test  #46: ClientTest.FingerprintAliasMatchesDeviceId ............................................   Passed    0.03 sec
        Start  49: ClientTest.ValidateHttpErrorAfterSuccessfulValidationMarksClientInvalid
        Start  50: ClientTest.ValidateForbiddenEmitsAuthenticationFailureEvent
 47/382 Test  #47: ClientTest.ValidateWithEmptyKeyFails ..................................................   Passed    0.03 sec
        Start  51: ClientTest.ActivateWithEmptyKeyFails
 48/382 Test  #51: ClientTest.ActivateWithEmptyKeyFails ..................................................   Passed    0.03 sec
        Start  52: ClientTest.ActivateReturnsNetworkErrorWhenNoServer
 49/382 Test  #50: ClientTest.ValidateForbiddenEmitsAuthenticationFailureEvent ...........................   Passed    0.09 sec
        Start  53: ClientTest.RejectsMalformedUtf8IdentifiersBeforeNetwork
 50/382 Test  #48: ClientTest.ValidateReturnsNetworkErrorWhenNoServer ....................................   Passed    0.11 sec
        Start  54: ClientTest.RejectsUnsafeActivationTextAndMetadataWithoutThrowing
 51/382 Test  #49: ClientTest.ValidateHttpErrorAfterSuccessfulValidationMarksClientInvalid ...............   Passed    0.10 sec
        Start  55: ClientTest.RejectsOversizedActivationMetadata
 52/382 Test  #52: ClientTest.ActivateReturnsNetworkErrorWhenNoServer ....................................   Passed    0.08 sec
        Start  56: ClientTest.AcceptsBoundedUnicodeActivationText
 53/382 Test  #54: ClientTest.RejectsUnsafeActivationTextAndMetadataWithoutThrowing ......................   Passed    0.03 sec
        Start  57: ClientTest.SyncOfflineAssetsDoesNotFetchLegacyTokenByDefault
 54/382 Test  #53: ClientTest.RejectsMalformedUtf8IdentifiersBeforeNetwork ...............................   Passed    0.03 sec
        Start  58: ClientTest.ZeroDayOfflinePolicyDoesNotFetchArtifacts
 55/382 Test  #55: ClientTest.RejectsOversizedActivationMetadata .........................................   Passed    0.04 sec
        Start  59: ClientTest.CheckoutMachineFileSendsFingerprintComponentsForAutoGeneratedFingerprint
 56/382 Test  #56: ClientTest.AcceptsBoundedUnicodeActivationText ........................................   Passed    0.11 sec
        Start  60: ClientTest.SyncOfflineAssetsCanFetchLegacyTokenWhenExplicitlyEnabled
 57/382 Test  #59: ClientTest.CheckoutMachineFileSendsFingerprintComponentsForAutoGeneratedFingerprint ...   Passed    0.09 sec
        Start  61: ClientTest.DeactivateWithEmptyKeyFails
 58/382 Test  #57: ClientTest.SyncOfflineAssetsDoesNotFetchLegacyTokenByDefault ..........................   Passed    0.12 sec
        Start  62: ClientTest.DeactivateWithEmptyDeviceIdFails
 59/382 Test  #61: ClientTest.DeactivateWithEmptyKeyFails ................................................   Passed    0.02 sec
        Start  63: ClientTest.DeactivateReturnsNetworkErrorWhenNoServer
 60/382 Test  #62: ClientTest.DeactivateWithEmptyDeviceIdFails ...........................................   Passed    0.03 sec
        Start  64: ClientTest.GenerateOfflineTokenWithEmptyKeyFails
 61/382 Test  #58: ClientTest.ZeroDayOfflinePolicyDoesNotFetchArtifacts ..................................   Passed    0.16 sec
        Start  65: ClientTest.CheckoutMachineFileWithEmptyKeyFails
 62/382 Test  #64: ClientTest.GenerateOfflineTokenWithEmptyKeyFails ......................................   Passed    0.02 sec
        Start  66: ClientTest.VerifyOfflineTokenWithEmptyKeyFails
 63/382 Test  #60: ClientTest.SyncOfflineAssetsCanFetchLegacyTokenWhenExplicitlyEnabled ..................   Passed    0.07 sec
        Start  67: ClientTest.VerifyExpiredOfflineTokenFails
 64/382 Test  #65: ClientTest.CheckoutMachineFileWithEmptyKeyFails .......................................   Passed    0.03 sec
        Start  68: ClientTest.VerifyOfflineTokenWithInvalidSignature
 65/382 Test  #63: ClientTest.DeactivateReturnsNetworkErrorWhenNoServer ..................................   Passed    0.06 sec
        Start  69: ClientTest.VerifyOfflineTokenWithFingerprintMismatchFails
 66/382 Test  #66: ClientTest.VerifyOfflineTokenWithEmptyKeyFails ........................................   Passed    0.02 sec
        Start  70: ClientTest.VerifyOfflineTokenNotYetValidFails
 67/382 Test  #67: ClientTest.VerifyExpiredOfflineTokenFails .............................................   Passed    0.02 sec
        Start  71: ClientTest.FetchSigningKeyWithEmptyIdFails
 68/382 Test  #68: ClientTest.VerifyOfflineTokenWithInvalidSignature .....................................   Passed    0.03 sec
        Start  72: ClientTest.VerifyMachineFileWithoutLicenseKeyFails
 69/382 Test  #69: ClientTest.VerifyOfflineTokenWithFingerprintMismatchFails .............................   Passed    0.03 sec
        Start  73: ClientTest.VerifyMachineFileWithoutPublicKeyFails
 70/382 Test  #70: ClientTest.VerifyOfflineTokenNotYetValidFails .........................................   Passed    0.03 sec
        Start  74: ClientTest.VerifyMachineFileUsesLocalDeviceFingerprintNotEmbeddedFingerprint
 71/382 Test  #71: ClientTest.FetchSigningKeyWithEmptyIdFails ............................................   Passed    0.02 sec
        Start  75: ClientTest.RestoreLicenseRejectsCopiedMachineFileCacheOnDifferentDevice
 72/382 Test  #72: ClientTest.VerifyMachineFileWithoutLicenseKeyFails ....................................   Passed    0.02 sec
        Start  76: ClientTest.RestoreLicenseRejectsCopiedOfflineTokenCacheOnDifferentDevice
 73/382 Test  #73: ClientTest.VerifyMachineFileWithoutPublicKeyFails .....................................   Passed    0.02 sec
        Start  77: ClientTest.InvalidOfflinePolicyCannotAuthorizeCachedArtifacts
 74/382 Test  #74: ClientTest.VerifyMachineFileUsesLocalDeviceFingerprintNotEmbeddedFingerprint ..........   Passed    0.03 sec
        Start  78: ClientTest.RestoreLicenseRevalidatesWhenNetworkReturns
 75/382 Test  #75: ClientTest.RestoreLicenseRejectsCopiedMachineFileCacheOnDifferentDevice ...............   Passed    0.04 sec
        Start  79: ClientTest.RepeatedOfflineFallbackValidationEmitsNetworkOfflineOnce
 76/382 Test  #76: ClientTest.RestoreLicenseRejectsCopiedOfflineTokenCacheOnDifferentDevice ..............   Passed    0.04 sec
        Start  80: ClientTest.AuthoritativeServerErrorNeverFallsBackToCachedLicense
 77/382 Test  #77: ClientTest.InvalidOfflinePolicyCannotAuthorizeCachedArtifacts .........................   Passed    0.03 sec
        Start  81: ClientTest.CachedMachineFileValidationDoesNotEmitReadyRepeatedly
 78/382 Test  #80: ClientTest.AuthoritativeServerErrorNeverFallsBackToCachedLicense ......................   Passed    0.09 sec
        Start  82: ClientTest.GetLatestReleaseUsesConfigProductSlug
 79/382 Test  #79: ClientTest.RepeatedOfflineFallbackValidationEmitsNetworkOfflineOnce ...................   Passed    0.09 sec
        Start  83: ClientTest.ListReleasesUsesConfigProductSlug
 80/382 Test  #81: ClientTest.CachedMachineFileValidationDoesNotEmitReadyRepeatedly ......................   Passed    0.10 sec
        Start  84: ClientTest.GenerateDownloadTokenWithEmptyKeyFails
 81/382 Test  #83: ClientTest.ListReleasesUsesConfigProductSlug ..........................................   Passed    0.03 sec
        Start  85: ClientTest.GenerateDownloadTokenWithEmptyVersionFails
 82/382 Test  #82: ClientTest.GetLatestReleaseUsesConfigProductSlug ......................................   Passed    0.03 sec
        Start  86: ClientTest.ReleaseAndDownloadResponsesAreBoundToTheRequest
 83/382 Test  #84: ClientTest.GenerateDownloadTokenWithEmptyKeyFails .....................................   Passed    0.02 sec
        Start  87: ClientTest.ReleaseDiscoveryRejectsUntrustedItemIdentityAndSchema
 84/382 Test  #78: ClientTest.RestoreLicenseRevalidatesWhenNetworkReturns ................................   Passed    0.14 sec
        Start  88: ClientTest.DownloadTokenRejectsMalformedOrUnboundedAuthority
 85/382 Test  #85: ClientTest.GenerateDownloadTokenWithEmptyVersionFails .................................   Passed    0.02 sec
        Start  89: ClientTest.HealthReturnsNetworkErrorWhenNoServer
 86/382 Test  #87: ClientTest.ReleaseDiscoveryRejectsUntrustedItemIdentityAndSchema ......................   Passed    0.03 sec
        Start  90: ClientTest.CanBeMoved
 87/382 Test  #90: ClientTest.CanBeMoved .................................................................   Passed    0.03 sec
        Start  91: ClientTest.CanSubscribeToEvents
 88/382 Test  #89: ClientTest.HealthReturnsNetworkErrorWhenNoServer ......................................   Passed    0.03 sec
        Start  92: ClientTest.SubscriptionCanBeCancelled
 89/382 Test  #86: ClientTest.ReleaseAndDownloadResponsesAreBoundToTheRequest ............................   Passed    0.07 sec
        Start  93: ClientTest.EventsReceiveData
 90/382 Test  #91: ClientTest.CanSubscribeToEvents .......................................................   Passed    0.02 sec
        Start  94: ClientTest.GetStatusReturnsInvalidWhenNoLicense
 91/382 Test  #92: ClientTest.SubscriptionCanBeCancelled .................................................   Passed    0.02 sec
        Start  95: ClientTest.CurrentLicenseReturnsNulloptWhenNoLicense
 92/382 Test  #88: ClientTest.DownloadTokenRejectsMalformedOrUnboundedAuthority ..........................   Passed    0.07 sec
        Start  96: ClientTest.CheckEntitlementReturnsInactiveWhenNoLicense
 93/382 Test  #93: ClientTest.EventsReceiveData ..........................................................   Passed    0.03 sec
        Start  97: ClientTest.IsOnlineDefaultsToTrue
 94/382 Test  #94: ClientTest.GetStatusReturnsInvalidWhenNoLicense .......................................   Passed    0.04 sec
 95/382 Test  #95: ClientTest.CurrentLicenseReturnsNulloptWhenNoLicense ..................................   Passed    0.04 sec
 96/382 Test  #96: ClientTest.CheckEntitlementReturnsInactiveWhenNoLicense ...............................   Passed    0.04 sec
        Start  98: ClientTest.AutoValidationNotRunningByDefault
        Start  99: ClientTest.StartAndStopAutoValidation
        Start 100: ClientTest.StartAutoValidationTwiceDoesNotCrash
 97/382 Test  #97: ClientTest.IsOnlineDefaultsToTrue .....................................................   Passed    0.02 sec
        Start 101: ClientTest.StopAutoValidationWhenNotRunningDoesNotCrash
 98/382 Test #100: ClientTest.StartAutoValidationTwiceDoesNotCrash .......................................   Passed    0.02 sec
        Start 102: ClientTest.InvalidAutoValidationIntervalsFailClosed
 99/382 Test  #99: ClientTest.StartAndStopAutoValidation .................................................   Passed    0.02 sec
        Start 103: ClientTest.AutoValidationHandlerCanStopItsOwnWorker
100/382 Test  #98: ClientTest.AutoValidationNotRunningByDefault ..........................................   Passed    0.02 sec
        Start 104: ClientTest.ConcurrentTimerLifecycleCallsAreSerialized
101/382 Test #102: ClientTest.InvalidAutoValidationIntervalsFailClosed ...................................   Passed    0.02 sec
        Start 105: ClientTest.HeartbeatNotRunningByDefault
102/382 Test #101: ClientTest.StopAutoValidationWhenNotRunningDoesNotCrash ...............................   Passed    0.02 sec
        Start 106: ClientTest.StartAndStopHeartbeat
103/382 Test #103: ClientTest.AutoValidationHandlerCanStopItsOwnWorker ...................................   Passed    0.03 sec
        Start 107: ClientTest.StartHeartbeatTwiceDoesNotCrash
104/382 Test #104: ClientTest.ConcurrentTimerLifecycleCallsAreSerialized .................................   Passed    0.03 sec
        Start 108: ClientTest.StopHeartbeatWhenNotRunningDoesNotCrash
105/382 Test #105: ClientTest.HeartbeatNotRunningByDefault ...............................................   Passed    0.03 sec
        Start 109: ClientTest.InvalidHeartbeatInputsFailClosed
106/382 Test #106: ClientTest.StartAndStopHeartbeat ......................................................   Passed    0.03 sec
        Start 110: ClientTest.ResetStopsAutoValidation
107/382 Test #107: ClientTest.StartHeartbeatTwiceDoesNotCrash ............................................   Passed    0.03 sec
        Start 111: ClientTest.ResetStopsHeartbeat
108/382 Test #108: ClientTest.StopHeartbeatWhenNotRunningDoesNotCrash ....................................   Passed    0.03 sec
        Start 112: ClientTest.ValidateAsyncCallsCallback
109/382 Test #110: ClientTest.ResetStopsAutoValidation ...................................................   Passed    0.02 sec
        Start 113: ClientTest.ActivateAsyncCallsCallback
110/382 Test #109: ClientTest.InvalidHeartbeatInputsFailClosed ...........................................   Passed    0.02 sec
        Start 114: ClientTest.DeactivateAsyncCallsCallback
111/382 Test #111: ClientTest.ResetStopsHeartbeat ........................................................   Passed    0.02 sec
        Start 115: ClientTest.GetClientStatusReturnsInactiveWhenNoLicense
112/382 Test #115: ClientTest.GetClientStatusReturnsInactiveWhenNoLicense ................................   Passed    0.02 sec
        Start 116: ClientTest.ClientStatusToStringWorks
113/382 Test #116: ClientTest.ClientStatusToStringWorks ..................................................   Passed    0.03 sec
        Start 117: ClientTest.OfflineInvalidStatusExists
114/382 Test #112: ClientTest.ValidateAsyncCallsCallback .................................................   Passed    0.08 sec
        Start 118: ClientTest.RestoreLicenseReturnsInactiveWhenNoCache
115/382 Test #117: ClientTest.OfflineInvalidStatusExists .................................................   Passed    0.02 sec
        Start 119: ClientTest.RestoreLicenseAsyncCallsCallback
116/382 Test #118: ClientTest.RestoreLicenseReturnsInactiveWhenNoCache ...................................   Passed    0.03 sec
        Start 120: ClientTest.DestructorWaitsForAsyncOperations
117/382 Test #113: ClientTest.ActivateAsyncCallsCallback .................................................   Passed    0.13 sec
        Start 121: ClientTest.AsyncCallbackCanDestroyItsClient
118/382 Test #114: ClientTest.DeactivateAsyncCallsCallback ...............................................   Passed    0.13 sec
        Start 122: ClientTest.MultipleAsyncOpsDoNotCrash
119/382 Test #119: ClientTest.RestoreLicenseAsyncCallsCallback ...........................................   Passed    0.08 sec
        Start 123: ClientTest.StopAutoValidationSafeWhenCalledRapidly
120/382 Test #123: ClientTest.StopAutoValidationSafeWhenCalledRapidly ....................................   Passed    0.02 sec
        Start 124: ClientTest.StopHeartbeatSafeWhenCalledRapidly
121/382 Test #121: ClientTest.AsyncCallbackCanDestroyItsClient ...........................................   Passed    0.07 sec
        Start 125: ClientTest.GetClientStatusDoesNotBlockDuringAsyncOps
122/382 Test #124: ClientTest.StopHeartbeatSafeWhenCalledRapidly .........................................   Passed    0.02 sec
        Start 126: ClientTest.IsOnlineDoesNotBlockDuringAsyncOps
123/382 Test #120: ClientTest.DestructorWaitsForAsyncOperations ..........................................   Passed    0.16 sec
        Start 127: ClientTest.DestructorSafeWithRunningTimers
124/382 Test #122: ClientTest.MultipleAsyncOpsDoNotCrash .................................................   Passed    0.13 sec
        Start 128: ClientTest.TimerEventHandlerCanDestroyItsClient
125/382 Test #127: ClientTest.DestructorSafeWithRunningTimers ............................................   Passed    0.02 sec
        Start 129: ClientTest.SynchronousEventHandlerCanDestroyItsClient
126/382 Test #125: ClientTest.GetClientStatusDoesNotBlockDuringAsyncOps ..................................   Passed    0.08 sec
        Start 130: ClientTest.ResetSafeWithRunningTimers
127/382 Test #129: ClientTest.SynchronousEventHandlerCanDestroyItsClient .................................   Passed    0.03 sec
        Start 131: ClientTest.IsOnlineChangesOnHealthCheckFailure
128/382 Test #130: ClientTest.ResetSafeWithRunningTimers .................................................   Passed    0.03 sec
        Start 132: ClientTest.NetworkOfflineEventEmittedOnHealthFailure
129/382 Test #131: ClientTest.IsOnlineChangesOnHealthCheckFailure ........................................   Passed    0.04 sec
        Start 133: ClientTest.ValidationFailedEventEmittedOnNetworkError
130/382 Test #126: ClientTest.IsOnlineDoesNotBlockDuringAsyncOps .........................................   Passed    0.13 sec
        Start 134: ClientTest.LicenseRevokedConstantExists
131/382 Test #132: ClientTest.NetworkOfflineEventEmittedOnHealthFailure ..................................   Passed    0.04 sec
        Start 135: ClientTest.CanSubscribeToLicenseRevokedEvent
132/382 Test #128: ClientTest.TimerEventHandlerCanDestroyItsClient .......................................   Passed    0.09 sec
        Start 136: JsonStrictParserTest.RejectsDuplicateObjectKeysAtAnyDepth
133/382 Test #134: ClientTest.LicenseRevokedConstantExists ...............................................   Passed    0.03 sec
        Start 137: JsonStrictParserTest.RejectsOversizedAndDeeplyNestedDocuments
134/382 Test #135: ClientTest.CanSubscribeToLicenseRevokedEvent ..........................................   Passed    0.03 sec
        Start 138: JsonStrictParserTest.RejectsUnsafeOrOversizedObjectKeys
135/382 Test #136: JsonStrictParserTest.RejectsDuplicateObjectKeysAtAnyDepth .............................   Passed    0.03 sec
        Start 139: JsonTimestampTest.ParseValidTimestamp
136/382 Test #137: JsonStrictParserTest.RejectsOversizedAndDeeplyNestedDocuments .........................   Passed    0.03 sec
        Start 140: JsonTimestampTest.ParseEmptyTimestamp
137/382 Test #133: ClientTest.ValidationFailedEventEmittedOnNetworkError .................................   Passed    0.06 sec
        Start 141: JsonTimestampTest.ParseInvalidTimestamp
138/382 Test #138: JsonStrictParserTest.RejectsUnsafeOrOversizedObjectKeys ...............................   Passed    0.03 sec
        Start 142: JsonTimestampTest.ParsesOffsetsAndFractionsAsUtc
139/382 Test #139: JsonTimestampTest.ParseValidTimestamp .................................................   Passed    0.02 sec
        Start 143: JsonTimestampTest.RejectsInvalidCalendarAndNonRfc3339Values
140/382 Test #140: JsonTimestampTest.ParseEmptyTimestamp .................................................   Passed    0.03 sec
        Start 144: JsonTimestampTest.FormatTimestamp
141/382 Test #141: JsonTimestampTest.ParseInvalidTimestamp ...............................................   Passed    0.02 sec
        Start 145: JsonTimestampTest.ParseUnixTimestamp
142/382 Test #143: JsonTimestampTest.RejectsInvalidCalendarAndNonRfc3339Values ...........................   Passed    0.02 sec
        Start 146: JsonMetadataTest.ParseEmptyObject
143/382 Test #142: JsonTimestampTest.ParsesOffsetsAndFractionsAsUtc ......................................   Passed    0.03 sec
        Start 147: JsonMetadataTest.ParseStringValues
144/382 Test #144: JsonTimestampTest.FormatTimestamp .....................................................   Passed    0.03 sec
        Start 148: JsonMetadataTest.ParseMixedValues
145/382 Test #145: JsonTimestampTest.ParseUnixTimestamp ..................................................   Passed    0.02 sec
        Start 149: JsonMetadataTest.MetadataToJson
146/382 Test #146: JsonMetadataTest.ParseEmptyObject .....................................................   Passed    0.03 sec
147/382 Test #147: JsonMetadataTest.ParseStringValues ....................................................   Passed    0.03 sec
        Start 150: JsonEntitlementTest.ParseEntitlementWithExpiry
        Start 151: JsonEntitlementTest.ParseEntitlementWithUnixExpiry
148/382 Test #148: JsonMetadataTest.ParseMixedValues .....................................................   Passed    0.03 sec
        Start 152: JsonEntitlementTest.ParseEntitlementWithMetadata
149/382 Test #149: JsonMetadataTest.MetadataToJson .......................................................   Passed    0.03 sec
        Start 153: JsonEntitlementTest.RejectsMalformedOrOutOfRangeExpiry
150/382 Test #150: JsonEntitlementTest.ParseEntitlementWithExpiry ........................................   Passed    0.02 sec
151/382 Test #151: JsonEntitlementTest.ParseEntitlementWithUnixExpiry ....................................   Passed    0.02 sec
        Start 154: JsonEntitlementTest.ParseEntitlementsArray
        Start 155: JsonProductTest.ParseProduct
152/382 Test #153: JsonEntitlementTest.RejectsMalformedOrOutOfRangeExpiry ................................   Passed    0.02 sec
        Start 156: JsonLicenseTest.ParseFullLicense
153/382 Test #152: JsonEntitlementTest.ParseEntitlementWithMetadata ......................................   Passed    0.03 sec
        Start 157: JsonLicenseTest.ParsePartialLicense
154/382 Test #154: JsonEntitlementTest.ParseEntitlementsArray ............................................   Passed    0.02 sec
        Start 158: JsonLicenseTest.ParseLicenseWithNullDates
155/382 Test #155: JsonProductTest.ParseProduct ..........................................................   Passed    0.03 sec
        Start 159: JsonLicenseTest.ParseLicenseWithNullSeatLimit
156/382 Test #156: JsonLicenseTest.ParseFullLicense ......................................................   Passed    0.03 sec
        Start 160: JsonLicenseTest.RejectsMalformedDatesInsteadOfTreatingThemAsPerpetual
157/382 Test #157: JsonLicenseTest.ParsePartialLicense ...................................................   Passed    0.02 sec
        Start 161: JsonActivationTest.ParseFullActivation
158/382 Test #158: JsonLicenseTest.ParseLicenseWithNullDates .............................................   Passed    0.02 sec
        Start 162: JsonActivationTest.ParseDeactivatedActivation
159/382 Test #159: JsonLicenseTest.ParseLicenseWithNullSeatLimit .........................................   Passed    0.02 sec
        Start 163: JsonActivationTest.ParseFingerprintFieldAsDeviceId
160/382 Test #161: JsonActivationTest.ParseFullActivation ................................................   Passed    0.02 sec
        Start 164: JsonActivationTest.ParsesUuidActivationId
161/382 Test #160: JsonLicenseTest.RejectsMalformedDatesInsteadOfTreatingThemAsPerpetual .................   Passed    0.02 sec
        Start 165: JsonActivationTest.RejectsMalformedLifecycleDates
162/382 Test #162: JsonActivationTest.ParseDeactivatedActivation .........................................   Passed    0.03 sec
        Start 166: JsonDeactivationTest.ParseDeactivation
163/382 Test #163: JsonActivationTest.ParseFingerprintFieldAsDeviceId ....................................   Passed    0.02 sec
        Start 167: JsonDeactivationTest.ParsesUuidActivationId
164/382 Test #164: JsonActivationTest.ParsesUuidActivationId .............................................   Passed    0.03 sec
        Start 168: JsonValidationWarningTest.ParseWarning
165/382 Test #165: JsonActivationTest.RejectsMalformedLifecycleDates .....................................   Passed    0.03 sec
        Start 169: JsonValidationWarningTest.ParseWarningsArray
166/382 Test #167: JsonDeactivationTest.ParsesUuidActivationId ...........................................   Passed    0.03 sec
        Start 170: JsonValidationResultTest.ParseValidResult
167/382 Test #166: JsonDeactivationTest.ParseDeactivation ................................................   Passed    0.04 sec
        Start 171: JsonValidationResultTest.ParseInvalidResult
168/382 Test #169: JsonValidationWarningTest.ParseWarningsArray ..........................................   Passed    0.03 sec
        Start 172: JsonValidationResultTest.ParseWithWarnings
169/382 Test #168: JsonValidationWarningTest.ParseWarning ................................................   Passed    0.03 sec
        Start 173: JsonValidationResultTest.ParseWithActivation
170/382 Test #170: JsonValidationResultTest.ParseValidResult .............................................   Passed    0.03 sec
        Start 174: JsonOfflineTokenTest.ParseFullOfflineToken
171/382 Test #171: JsonValidationResultTest.ParseInvalidResult ...........................................   Passed    0.04 sec
        Start 175: JsonOfflineTokenTest.ParseMinimalOfflineToken
172/382 Test #172: JsonValidationResultTest.ParseWithWarnings ............................................   Passed    0.04 sec
        Start 176: JsonOfflineTokenTest.ParseFingerprintAsPreferredBindingField
173/382 Test #173: JsonValidationResultTest.ParseWithActivation ..........................................   Passed    0.04 sec
        Start 177: JsonOfflineTokenTest.SignedPayloadComparisonBindsEntitlementMetadataAndSchema
174/382 Test #175: JsonOfflineTokenTest.ParseMinimalOfflineToken .........................................   Passed    0.04 sec
        Start 178: JsonMachineFileTest.ParseMachineFileResponse
175/382 Test #174: JsonOfflineTokenTest.ParseFullOfflineToken ............................................   Passed    0.06 sec
        Start 179: JsonMachineFileTest.ParseMachineFilePayloadWithLicense
176/382 Test #176: JsonOfflineTokenTest.ParseFingerprintAsPreferredBindingField ..........................   Passed    0.04 sec
        Start 180: JsonMachineFileTest.ParseMachineFilePayloadWithNullableOptionalFields
177/382 Test #177: JsonOfflineTokenTest.SignedPayloadComparisonBindsEntitlementMetadataAndSchema .........   Passed    0.05 sec
        Start 181: JsonReleaseTest.ParseFullRelease
178/382 Test #178: JsonMachineFileTest.ParseMachineFileResponse ..........................................   Passed    0.03 sec
        Start 182: JsonReleaseTest.ParseReleasesListWrapped
179/382 Test #179: JsonMachineFileTest.ParseMachineFilePayloadWithLicense ................................   Passed    0.03 sec
        Start 183: JsonReleaseTest.ParseReleasesListRaw
180/382 Test #180: JsonMachineFileTest.ParseMachineFilePayloadWithNullableOptionalFields .................   Passed    0.03 sec
        Start 184: JsonDownloadTokenTest.ParseToken
181/382 Test #181: JsonReleaseTest.ParseFullRelease ......................................................   Passed    0.03 sec
        Start 185: JsonSigningKeyTest.ParseSigningKey
182/382 Test #182: JsonReleaseTest.ParseReleasesListWrapped ..............................................   Passed    0.02 sec
        Start 186: JsonErrorResponseTest.ParseError
183/382 Test #183: JsonReleaseTest.ParseReleasesListRaw ..................................................   Passed    0.02 sec
        Start 187: JsonErrorResponseTest.ParseMachineFileErrorsArray
184/382 Test #184: JsonDownloadTokenTest.ParseToken ......................................................   Passed    0.02 sec
        Start 188: JsonErrorCodeMappingTest.ErrorCodeToErrorCode
185/382 Test #185: JsonSigningKeyTest.ParseSigningKey ....................................................   Passed    0.02 sec
        Start 189: JsonRequestBuilderTest.BuildValidateRequest
186/382 Test #186: JsonErrorResponseTest.ParseError ......................................................   Passed    0.02 sec
        Start 190: JsonRequestBuilderTest.BuildValidateRequestEmpty
187/382 Test #187: JsonErrorResponseTest.ParseMachineFileErrorsArray .....................................   Passed    0.02 sec
        Start 191: JsonRequestBuilderTest.BuildActivateRequest
188/382 Test #188: JsonErrorCodeMappingTest.ErrorCodeToErrorCode .........................................   Passed    0.02 sec
        Start 192: JsonRequestBuilderTest.BuildActivateRequestMinimal
189/382 Test #190: JsonRequestBuilderTest.BuildValidateRequestEmpty ......................................   Passed    0.02 sec
        Start 193: JsonRequestBuilderTest.BuildDeactivateRequest
190/382 Test #189: JsonRequestBuilderTest.BuildValidateRequest ...........................................   Passed    0.03 sec
        Start 194: JsonRequestBuilderTest.BuildOfflineTokenRequest
191/382 Test #191: JsonRequestBuilderTest.BuildActivateRequest ...........................................   Passed    0.02 sec
        Start 195: JsonRequestBuilderTest.BuildOfflineTokenRequestMinimal
192/382 Test #192: JsonRequestBuilderTest.BuildActivateRequestMinimal ....................................   Passed    0.02 sec
        Start 196: JsonRequestBuilderTest.BuildDownloadTokenRequest
193/382 Test #193: JsonRequestBuilderTest.BuildDeactivateRequest .........................................   Passed    0.03 sec
        Start 197: JsonRequestBuilderTest.BuildDownloadTokenRequestMinimal
194/382 Test #194: JsonRequestBuilderTest.BuildOfflineTokenRequest .......................................   Passed    0.03 sec
        Start 198: JsonRequestBuilderTest.BuildMachineFileRequest
195/382 Test #195: JsonRequestBuilderTest.BuildOfflineTokenRequestMinimal ................................   Passed    0.03 sec
        Start 199: JsonRequestBuilderTest.BuildMachineFileRequestWithFingerprintComponents
196/382 Test #196: JsonRequestBuilderTest.BuildDownloadTokenRequest ......................................   Passed    0.04 sec
        Start 200: HttpClientConfigTest.DefaultConfig
197/382 Test #197: JsonRequestBuilderTest.BuildDownloadTokenRequestMinimal ...............................   Passed    0.02 sec
        Start 201: HttpClientTest.ConstructWithHttpUrl
198/382 Test #199: JsonRequestBuilderTest.BuildMachineFileRequestWithFingerprintComponents ...............   Passed    0.02 sec
        Start 202: HttpClientTest.ConstructWithHttpsUrl
199/382 Test #198: JsonRequestBuilderTest.BuildMachineFileRequest ........................................   Passed    0.02 sec
        Start 203: HttpClientTest.ConstructWithUrlAndPath
200/382 Test #200: HttpClientConfigTest.DefaultConfig ....................................................   Passed    0.02 sec
        Start 204: HttpClientTest.ConstructWithPortInUrl
201/382 Test #201: HttpClientTest.ConstructWithHttpUrl ...................................................   Passed    0.02 sec
        Start 205: HttpClientTest.RejectsPlaintextNonLoopbackAndUnverifiedRemoteTls
202/382 Test #203: HttpClientTest.ConstructWithUrlAndPath ................................................   Passed    0.03 sec
        Start 206: HttpClientTest.RejectsMalformedOrAmbiguousBaseUrls
203/382 Test #202: HttpClientTest.ConstructWithHttpsUrl ..................................................   Passed    0.03 sec
        Start 207: HttpClientTest.RejectsUnsafeCredentialsAndOutOfRangeLimits
204/382 Test #204: HttpClientTest.ConstructWithPortInUrl .................................................   Passed    0.03 sec
        Start 208: HttpClientTest.CanBeMoved
205/382 Test #205: HttpClientTest.RejectsPlaintextNonLoopbackAndUnverifiedRemoteTls ......................   Passed    0.02 sec
        Start 209: HttpRequestTest.DefaultValues
206/382 Test #207: HttpClientTest.RejectsUnsafeCredentialsAndOutOfRangeLimits ............................   Passed    0.02 sec
        Start 210: HttpResponseTest.DefaultValues
207/382 Test #206: HttpClientTest.RejectsMalformedOrAmbiguousBaseUrls ....................................   Passed    0.02 sec
        Start 211: HttpClientTransportTest.SendsAuthorizationOnlyForProtectedRequests
208/382 Test #208: HttpClientTest.CanBeMoved .............................................................   Passed    0.03 sec
        Start 212: HttpClientTransportTest.RejectsInvalidTargetsAndOversizedRequestsBeforeSending
209/382 Test #209: HttpRequestTest.DefaultValues .........................................................   Passed    0.03 sec
        Start 213: HttpClientTransportTest.RejectsCombinedOversizedRequestTargets
210/382 Test #210: HttpResponseTest.DefaultValues ........................................................   Passed    0.02 sec
        Start 214: HttpClientTransportTest.RejectsOversizedEncodedAndNonJsonSuccessResponses
211/382 Test #211: HttpClientTransportTest.SendsAuthorizationOnlyForProtectedRequests ....................   Passed    0.03 sec
        Start 215: HttpClientTransportTest.DoesNotFollowRedirects
212/382 Test #212: HttpClientTransportTest.RejectsInvalidTargetsAndOversizedRequestsBeforeSending ........   Passed    0.03 sec
        Start 216: HttpClientTransportTest.RequiresBodiesForExpectedJsonSuccesses
213/382 Test #213: HttpClientTransportTest.RejectsCombinedOversizedRequestTargets ........................   Passed    0.02 sec
        Start 217: HttpClientTransportTest.RejectsDuplicateContentLengthHeaders
214/382 Test #215: HttpClientTransportTest.DoesNotFollowRedirects ........................................   Passed    0.03 sec
        Start 218: StatusCodeMappingTest.SuccessCodes
215/382 Test #214: HttpClientTransportTest.RejectsOversizedEncodedAndNonJsonSuccessResponses .............   Passed    0.03 sec
        Start 219: StatusCodeMappingTest.ClientErrorCodes
216/382 Test #216: HttpClientTransportTest.RequiresBodiesForExpectedJsonSuccesses ........................   Passed    0.03 sec
        Start 220: StatusCodeMappingTest.ServerErrorCodes
217/382 Test #217: HttpClientTransportTest.RejectsDuplicateContentLengthHeaders ..........................   Passed    0.07 sec
218/382 Test #218: StatusCodeMappingTest.SuccessCodes ....................................................   Passed    0.06 sec
219/382 Test #219: StatusCodeMappingTest.ClientErrorCodes ................................................   Passed    0.06 sec
        Start 221: StatusCodeMappingTest.OtherCodes
        Start 222: MockHttpClientTest.CanSetResponse
        Start 223: MockHttpClientTest.CapturesLastRequest
220/382 Test #221: StatusCodeMappingTest.OtherCodes ......................................................   Passed    0.03 sec
221/382 Test #223: MockHttpClientTest.CapturesLastRequest ................................................   Passed    0.02 sec
        Start 224: CrossLanguageContractTest.VerifiesRubySignedOfflineTokenFixture
        Start 225: Base64Test.EncodeEmpty
222/382 Test #220: StatusCodeMappingTest.ServerErrorCodes ................................................   Passed    0.03 sec
223/382 Test #222: MockHttpClientTest.CanSetResponse .....................................................   Passed    0.03 sec
        Start 226: Base64Test.EncodeHelloWorld
        Start 227: Base64Test.DecodeEmpty
224/382 Test #226: Base64Test.EncodeHelloWorld ...........................................................   Passed    0.05 sec
225/382 Test #225: Base64Test.EncodeEmpty ................................................................   Passed    0.05 sec
        Start 228: Base64Test.DecodeHelloWorld
        Start 229: Base64Test.RoundTrip
226/382 Test #227: Base64Test.DecodeEmpty ................................................................   Passed    0.05 sec
        Start 230: Base64Test.RejectsMalformedNonCanonicalAndOversizedInput
227/382 Test #224: CrossLanguageContractTest.VerifiesRubySignedOfflineTokenFixture .......................   Passed    0.06 sec
        Start 231: Base64UrlTest.EncodeEmpty
228/382 Test #228: Base64Test.DecodeHelloWorld ...........................................................   Passed    0.04 sec
        Start 232: Base64UrlTest.EncodeWithSpecialChars
229/382 Test #231: Base64UrlTest.EncodeEmpty .............................................................   Passed    0.03 sec
        Start 233: Base64UrlTest.DecodeWithSpecialChars
230/382 Test #229: Base64Test.RoundTrip ..................................................................   Passed    0.04 sec
        Start 234: Base64UrlTest.RoundTrip
231/382 Test #230: Base64Test.RejectsMalformedNonCanonicalAndOversizedInput ..............................   Passed    0.03 sec
        Start 235: Base64UrlTest.RejectsStandardOrMixedAlphabetAndBadPadding
232/382 Test #232: Base64UrlTest.EncodeWithSpecialChars ..................................................   Passed    0.03 sec
        Start 236: Ed25519Test.EmptyPublicKeyFails
233/382 Test #233: Base64UrlTest.DecodeWithSpecialChars ..................................................   Passed    0.03 sec
234/382 Test #234: Base64UrlTest.RoundTrip ...............................................................   Passed    0.03 sec
        Start 237: Ed25519Test.InvalidPublicKeyLengthFails
        Start 238: Ed25519Test.EmptySignatureFails
235/382 Test #235: Base64UrlTest.RejectsStandardOrMixedAlphabetAndBadPadding .............................   Passed    0.03 sec
        Start 239: Ed25519Test.InvalidSignatureLengthFails
236/382 Test #236: Ed25519Test.EmptyPublicKeyFails .......................................................   Passed    0.04 sec
        Start 240: Ed25519Test.WrongSignatureFails
237/382 Test #238: Ed25519Test.EmptySignatureFails .......................................................   Passed    0.04 sec
        Start 241: OfflineTokenVerificationTest.EmptyLicenseKeyFails
238/382 Test #237: Ed25519Test.InvalidPublicKeyLengthFails ...............................................   Passed    0.04 sec
        Start 242: OfflineTokenVerificationTest.EmptySignatureFails
239/382 Test #239: Ed25519Test.InvalidSignatureLengthFails ...............................................   Passed    0.05 sec
        Start 243: OfflineTokenVerificationTest.EmptyCanonicalFails
240/382 Test #240: Ed25519Test.WrongSignatureFails .......................................................   Passed    0.03 sec
        Start 244: OfflineTokenVerificationTest.EmptyPublicKeyFails
241/382 Test #242: OfflineTokenVerificationTest.EmptySignatureFails ......................................   Passed    0.03 sec
        Start 245: RFC8032Test.TestVector1_EmptyMessage
242/382 Test #241: OfflineTokenVerificationTest.EmptyLicenseKeyFails .....................................   Passed    0.03 sec
        Start 246: RFC8032Test.TestVector2_OneByteMessage
243/382 Test #243: OfflineTokenVerificationTest.EmptyCanonicalFails ......................................   Passed    0.03 sec
        Start 247: RFC8032Test.TestVector3_TwoByteMessage
244/382 Test #244: OfflineTokenVerificationTest.EmptyPublicKeyFails ......................................   Passed    0.02 sec
        Start 248: RFC8032Test.ModifiedMessageFails
245/382 Test #245: RFC8032Test.TestVector1_EmptyMessage ..................................................   Passed    0.02 sec
        Start 249: RFC8032Test.ModifiedSignatureFails
246/382 Test #246: RFC8032Test.TestVector2_OneByteMessage ................................................   Passed    0.03 sec
        Start 250: RFC8032Test.WrongPublicKeyFails
247/382 Test #247: RFC8032Test.TestVector3_TwoByteMessage ................................................   Passed    0.02 sec
        Start 251: MachineFileVerificationTest.ValidMachineFileDecryptsAndVerifies
248/382 Test #248: RFC8032Test.ModifiedMessageFails ......................................................   Passed    0.02 sec
        Start 252: MachineFileVerificationTest.WrongFingerprintFailsDecryption
249/382 Test #249: RFC8032Test.ModifiedSignatureFails ....................................................   Passed    0.02 sec
        Start 253: MachineFileVerificationTest.ExpiredMachineFileFails
250/382 Test #250: RFC8032Test.WrongPublicKeyFails .......................................................   Passed    0.03 sec
        Start 254: MachineFileVerificationTest.HumanReadableTimesMustMatchSignedUnixClaims
251/382 Test #251: MachineFileVerificationTest.ValidMachineFileDecryptsAndVerifies .......................   Passed    0.03 sec
        Start 255: MachineFileVerificationTest.RejectsUnsupportedLifetimeAndGracePeriod
252/382 Test #253: MachineFileVerificationTest.ExpiredMachineFileFails ...................................   Passed    0.03 sec
        Start 256: MachineFileVerificationTest.ExactExpiryInstantIsExpired
253/382 Test #252: MachineFileVerificationTest.WrongFingerprintFailsDecryption ...........................   Passed    0.03 sec
        Start 257: MachineFileVerificationTest.EmbeddedLicenseExpiryMustMatchTopLevelClaim
254/382 Test #254: MachineFileVerificationTest.HumanReadableTimesMustMatchSignedUnixClaims ...............   Passed    0.03 sec
        Start 258: MachineFileVerificationTest.CertificateFramingIsStrictAndBounded
255/382 Test #255: MachineFileVerificationTest.RejectsUnsupportedLifetimeAndGracePeriod ..................   Passed    0.03 sec
        Start 259: DevicePlatformTest.GetPlatformNameReturnsValidString
256/382 Test #256: MachineFileVerificationTest.ExactExpiryInstantIsExpired ...............................   Passed    0.03 sec
        Start 260: DeviceHostnameTest.GetHostnameReturnsNonEmpty
257/382 Test #257: MachineFileVerificationTest.EmbeddedLicenseExpiryMustMatchTopLevelClaim ...............   Passed    0.03 sec
        Start 261: DeviceHostnameTest.GetHostnameIsReasonableLength
258/382 Test #258: MachineFileVerificationTest.CertificateFramingIsStrictAndBounded ......................   Passed    0.03 sec
        Start 262: DeviceIdTest.GenerateDeviceIdReturnsNonEmpty
259/382 Test #259: DevicePlatformTest.GetPlatformNameReturnsValidString ..................................   Passed    0.02 sec
        Start 263: DeviceIdTest.GenerateDeviceIdIsConsistent
260/382 Test #260: DeviceHostnameTest.GetHostnameReturnsNonEmpty .........................................   Passed    0.02 sec
        Start 264: DeviceIdTest.GenerateDeviceIdHasCorrectLength
261/382 Test #261: DeviceHostnameTest.GetHostnameIsReasonableLength ......................................   Passed    0.02 sec
        Start 265: DeviceIdTest.GenerateDeviceIdIsNotTrivial
262/382 Test #262: DeviceIdTest.GenerateDeviceIdReturnsNonEmpty ..........................................   Passed    0.02 sec
        Start 266: DeviceIdTest.GenerateDeviceIdSucceedsOnCI
263/382 Test #263: DeviceIdTest.GenerateDeviceIdIsConsistent .............................................   Passed    0.02 sec
        Start 267: EventBusTest.CanSubscribeAndReceiveEvents
264/382 Test #264: DeviceIdTest.GenerateDeviceIdHasCorrectLength .........................................   Passed    0.02 sec
        Start 268: EventBusTest.SubscriptionCanBeCancelled
265/382 Test #265: DeviceIdTest.GenerateDeviceIdIsNotTrivial .............................................   Passed    0.02 sec
        Start 269: EventBusTest.MultipleSubscribersReceiveEvents
266/382 Test #266: DeviceIdTest.GenerateDeviceIdSucceedsOnCI .............................................   Passed    0.03 sec
        Start 270: EventBusTest.DifferentEventsAreIndependent
267/382 Test #267: EventBusTest.CanSubscribeAndReceiveEvents .............................................   Passed    0.03 sec
        Start 271: EventBusTest.ClearRemovesAllHandlersForEvent
268/382 Test #268: EventBusTest.SubscriptionCanBeCancelled ...............................................   Passed    0.03 sec
        Start 272: EventBusTest.ClearAllRemovesEverything
269/382 Test #269: EventBusTest.MultipleSubscribersReceiveEvents .........................................   Passed    0.03 sec
        Start 273: EventBusTest.SubscriptionIsActiveWorks
270/382 Test #270: EventBusTest.DifferentEventsAreIndependent ............................................   Passed    0.03 sec
        Start 274: EventBusTest.EmitWithNoSubscribersDoesNotCrash
271/382 Test #271: EventBusTest.ClearRemovesAllHandlersForEvent ..........................................   Passed    0.02 sec
        Start 275: EventBusTest.HandlerExceptionDoesNotPropagateOrAffectOthers
272/382 Test #272: EventBusTest.ClearAllRemovesEverything ................................................   Passed    0.03 sec
273/382 Test #273: EventBusTest.SubscriptionIsActiveWorks ................................................   Passed    0.03 sec
        Start 276: EventBusTest.ThreadSafetyMultipleThreadsEmitting
        Start 277: EventBusLifetimeTest.SubscriptionCanBeCancelledAfterBusIsDestroyed
274/382 Test #274: EventBusTest.EmitWithNoSubscribersDoesNotCrash ........................................   Passed    0.03 sec
        Start 278: EventConstantsTest.EventNamesAreDefined
275/382 Test #275: EventBusTest.HandlerExceptionDoesNotPropagateOrAffectOthers ...........................   Passed    0.03 sec
        Start 279: MemoryStorageTest.InitiallyEmpty
276/382 Test #277: EventBusLifetimeTest.SubscriptionCanBeCancelledAfterBusIsDestroyed ....................   Passed    0.03 sec
        Start 280: MemoryStorageTest.SetAndGetLicense
277/382 Test #278: EventConstantsTest.EventNamesAreDefined ...............................................   Passed    0.03 sec
        Start 281: MemoryStorageTest.ClearLicense
278/382 Test #276: EventBusTest.ThreadSafetyMultipleThreadsEmitting ......................................   Passed    0.03 sec
        Start 282: MemoryStorageTest.SetAndGetOfflineToken
279/382 Test #279: MemoryStorageTest.InitiallyEmpty ......................................................   Passed    0.03 sec
        Start 283: MemoryStorageTest.ClearOfflineToken
280/382 Test #281: MemoryStorageTest.ClearLicense ........................................................   Passed    0.03 sec
        Start 284: MemoryStorageTest.SetAndGetMachineFile
281/382 Test #280: MemoryStorageTest.SetAndGetLicense ....................................................   Passed    0.03 sec
        Start 285: MemoryStorageTest.ClearMachineFile
282/382 Test #282: MemoryStorageTest.SetAndGetOfflineToken ...............................................   Passed    0.03 sec
        Start 286: MemoryStorageTest.SetAndGetSigningKey
283/382 Test #283: MemoryStorageTest.ClearOfflineToken ...................................................   Passed    0.03 sec
        Start 287: MemoryStorageTest.MultipleSigningKeys
284/382 Test #284: MemoryStorageTest.SetAndGetMachineFile ................................................   Passed    0.03 sec
        Start 288: MemoryStorageTest.SetAndGetTimestamp
285/382 Test #285: MemoryStorageTest.ClearMachineFile ....................................................   Passed    0.03 sec
        Start 289: MemoryStorageTest.ClearAll
286/382 Test #286: MemoryStorageTest.SetAndGetSigningKey .................................................   Passed    0.03 sec
        Start 290: MemoryStorageTest.ThreadSafety
287/382 Test #287: MemoryStorageTest.MultipleSigningKeys .................................................   Passed    0.03 sec
        Start 291: FileStorageTest.InitiallyEmpty
288/382 Test #288: MemoryStorageTest.SetAndGetTimestamp ..................................................   Passed    0.03 sec
        Start 292: FileStorageTest.SetAndGetLicense
289/382 Test #289: MemoryStorageTest.ClearAll ............................................................   Passed    0.03 sec
        Start 293: FileStorageTest.LicensePersistsAcrossInstances
290/382 Test #290: MemoryStorageTest.ThreadSafety ........................................................   Passed    0.03 sec
        Start 294: FileStorageTest.ClearLicense
291/382 Test #291: FileStorageTest.InitiallyEmpty ........................................................   Passed    0.03 sec
        Start 295: FileStorageTest.SetAndGetOfflineToken
292/382 Test #292: FileStorageTest.SetAndGetLicense ......................................................   Passed    0.03 sec
        Start 296: FileStorageTest.SetAndGetMachineFile
293/382 Test #293: FileStorageTest.LicensePersistsAcrossInstances ........................................   Passed    0.03 sec
        Start 297: FileStorageTest.SetAndGetSigningKey
294/382 Test #294: FileStorageTest.ClearLicense ..........................................................   Passed    0.03 sec
        Start 298: FileStorageTest.SetAndGetTimestamp
295/382 Test #295: FileStorageTest.SetAndGetOfflineToken .................................................   Passed    0.03 sec
        Start 299: FileStorageTest.ClearAll
296/382 Test #296: FileStorageTest.SetAndGetMachineFile ..................................................   Passed    0.03 sec
        Start 300: FileStorageTest.CustomPrefix
297/382 Test #297: FileStorageTest.SetAndGetSigningKey ...................................................   Passed    0.03 sec
        Start 301: FileStorageTest.HandlesCorruptedFile
298/382 Test #298: FileStorageTest.SetAndGetTimestamp ....................................................   Passed    0.03 sec
        Start 302: FileStorageTest.RejectsDuplicateKeysAndOversizedCacheFiles
299/382 Test #299: FileStorageTest.ClearAll ..............................................................   Passed    0.03 sec
        Start 303: FileStorageTest.RejectsUnsafePrefixesAndSigningKeyIdentifiers
300/382 Test #301: FileStorageTest.HandlesCorruptedFile ..................................................   Passed    0.03 sec
        Start 304: FileStorageTest.RefusesSymlinkedCacheFileAndStorageDirectory
301/382 Test #300: FileStorageTest.CustomPrefix ..........................................................   Passed    0.03 sec
        Start 305: FileStorageTest.UsesOwnerOnlyPermissions
302/382 Test #302: FileStorageTest.RejectsDuplicateKeysAndOversizedCacheFiles ............................   Passed    0.03 sec
        Start 306: FileStorageTest.CreatesDirectoryIfNotExists
303/382 Test #303: FileStorageTest.RejectsUnsafePrefixesAndSigningKeyIdentifiers .........................   Passed    0.03 sec
        Start 307: FileStorageTest.ConcurrentReadsObserveOnlyCompleteAtomicSnapshots
304/382 Test #305: FileStorageTest.UsesOwnerOnlyPermissions ..............................................   Passed    0.04 sec
        Start 308: FileStorageTest.SerializesFullLicenseData
305/382 Test #304: FileStorageTest.RefusesSymlinkedCacheFileAndStorageDirectory ..........................   Passed    0.06 sec
        Start 309: FileStorageTest.SerializesValidationOfflineFlag
306/382 Test #306: FileStorageTest.CreatesDirectoryIfNotExists ...........................................   Passed    0.05 sec
        Start 310: FileStorageTest.HandlesLicenseWithEntitlements
307/382 Test #308: FileStorageTest.SerializesFullLicenseData .............................................   Passed    0.07 sec
        Start 311: MultipleInstancesTest.MultipleClientsCanCoexist
308/382 Test #309: FileStorageTest.SerializesValidationOfflineFlag .......................................   Passed    0.06 sec
        Start 312: MultipleInstancesTest.ClientsCanBeCreatedAndDestroyedRepeatedly
309/382 Test #310: FileStorageTest.HandlesLicenseWithEntitlements ........................................   Passed    0.05 sec
        Start 313: MultipleInstancesTest.ManySimultaneousClients
310/382 Test #311: MultipleInstancesTest.MultipleClientsCanCoexist .......................................   Passed    0.04 sec
        Start 314: ThreadSafetyTest.ConcurrentClientCreation
311/382 Test #313: MultipleInstancesTest.ManySimultaneousClients .........................................   Passed    0.04 sec
        Start 315: ThreadSafetyTest.ConcurrentCryptoOperations
312/382 Test #312: MultipleInstancesTest.ClientsCanBeCreatedAndDestroyedRepeatedly .......................   Passed    0.05 sec
        Start 316: ThreadSafetyTest.ConcurrentDeviceIdGeneration
313/382 Test #314: ThreadSafetyTest.ConcurrentClientCreation .............................................   Passed    0.03 sec
        Start 317: ThreadSafetyTest.ConcurrentClientOperations
314/382 Test #316: ThreadSafetyTest.ConcurrentDeviceIdGeneration .........................................   Passed    0.04 sec
        Start 318: InitOrderTest.StaticInitializationSafe
315/382 Test #315: ThreadSafetyTest.ConcurrentCryptoOperations ...........................................   Passed    0.05 sec
        Start 319: InitOrderTest.NoGlobalStateDependencies
316/382 Test #317: ThreadSafetyTest.ConcurrentClientOperations ...........................................   Passed    0.03 sec
        Start 320: ShutdownTest.ClientDestructorDoesNotCrash
317/382 Test #318: InitOrderTest.StaticInitializationSafe ................................................   Passed    0.03 sec
        Start 321: ShutdownTest.ClientWithActiveSubscriptionsDestructorSafe
318/382 Test #319: InitOrderTest.NoGlobalStateDependencies ...............................................   Passed    0.05 sec
        Start 322: ShutdownTest.RapidCreateDestroyDoesNotLeak
319/382 Test #320: ShutdownTest.ClientDestructorDoesNotCrash .............................................   Passed    0.06 sec
        Start 323: CryptoConsistencyTest.Base64RoundTripAllByteValues
320/382 Test #321: ShutdownTest.ClientWithActiveSubscriptionsDestructorSafe ..............................   Passed    0.04 sec
        Start 324: CryptoConsistencyTest.Base64UrlRoundTripAllByteValues
321/382 Test #307: FileStorageTest.ConcurrentReadsObserveOnlyCompleteAtomicSnapshots .....................   Passed    0.28 sec
        Start 325: CryptoConsistencyTest.Base64LargeData
322/382 Test #322: ShutdownTest.RapidCreateDestroyDoesNotLeak ............................................   Passed    0.04 sec
        Start 326: CryptoVectorTest.Ed25519RFC8032TestVector1
323/382 Test #323: CryptoConsistencyTest.Base64RoundTripAllByteValues ....................................   Passed    0.03 sec
        Start 327: SymbolIsolationTest.OpenSslBackedCryptoApiIsUsable
324/382 Test #324: CryptoConsistencyTest.Base64UrlRoundTripAllByteValues .................................   Passed    0.03 sec
        Start 328: IntegrationSourceGuardTest.JuceAdaptersUseManagedCoreWithoutDetachedOwners
325/382 Test #325: CryptoConsistencyTest.Base64LargeData .................................................   Passed    0.03 sec
        Start 329: IntegrationSourceGuardTest.UnrealRequestsKeepSecretsOutOfTargetsAndBindResponses
326/382 Test #326: CryptoVectorTest.Ed25519RFC8032TestVector1 ............................................   Passed    0.03 sec
        Start 330: BinarySizeTest.CryptoFunctionsAreUsable
327/382 Test #327: SymbolIsolationTest.OpenSslBackedCryptoApiIsUsable ....................................   Passed    0.03 sec
        Start 331: EventIsolationTest.EventsArePerInstance
328/382 Test #328: IntegrationSourceGuardTest.JuceAdaptersUseManagedCoreWithoutDetachedOwners ............   Passed    0.03 sec
        Start 332: ConfigValidationTest.EmptyApiKeyHandled
329/382 Test #329: IntegrationSourceGuardTest.UnrealRequestsKeepSecretsOutOfTargetsAndBindResponses ......   Passed    0.03 sec
        Start 333: ConfigValidationTest.EmptyProductSlugHandled
330/382 Test #331: EventIsolationTest.EventsArePerInstance ...............................................   Passed    0.03 sec
331/382 Test #330: BinarySizeTest.CryptoFunctionsAreUsable ...............................................   Passed    0.03 sec
        Start 334: ConfigValidationTest.InvalidUrlHandled
        Start 335: ConfigValidationTest.ZeroTimeoutHandled
332/382 Test #332: ConfigValidationTest.EmptyApiKeyHandled ...............................................   Passed    0.03 sec
        Start 336: OfflineTokenEdgeCasesTest.ExpiredTokenRejected
333/382 Test #333: ConfigValidationTest.EmptyProductSlugHandled ..........................................   Passed    0.03 sec
334/382 Test #334: ConfigValidationTest.InvalidUrlHandled ................................................   Passed    0.03 sec
        Start 337: OfflineTokenEdgeCasesTest.FutureTokenHandled
        Start 338: LargeDataTest.LargeLicenseKeyHandled
335/382 Test #335: ConfigValidationTest.ZeroTimeoutHandled ...............................................   Passed    0.03 sec
        Start 339: LargeDataTest.LargeMetadataHandled
336/382 Test #336: OfflineTokenEdgeCasesTest.ExpiredTokenRejected ........................................   Passed    0.03 sec
        Start 340: PlatformTest.PlatformNameIsValid
337/382 Test #337: OfflineTokenEdgeCasesTest.FutureTokenHandled ..........................................   Passed    0.02 sec
        Start 341: PlatformTest.HostnameIsReasonable
338/382 Test #338: LargeDataTest.LargeLicenseKeyHandled ..................................................   Passed    0.02 sec
        Start 342: PlatformTest.DeviceIdFormat
339/382 Test #340: PlatformTest.PlatformNameIsValid ......................................................   Passed    0.03 sec
        Start 343: StorageIsolationTest.DifferentStoragePathsAreIsolated
340/382 Test #341: PlatformTest.HostnameIsReasonable .....................................................   Passed    0.03 sec
        Start 344: AutoValidationEdgeCasesTest.StartWithEmptyKeyDoesNotCrash
341/382 Test #342: PlatformTest.DeviceIdFormat ...........................................................   Passed    0.03 sec
        Start 345: AutoValidationEdgeCasesTest.MultipleStartStopCycles
342/382 Test #343: StorageIsolationTest.DifferentStoragePathsAreIsolated .................................   Passed    0.03 sec
        Start 346: BinarySizeVerificationTest.AllCryptoFunctionsLinked
343/382 Test #339: LargeDataTest.LargeMetadataHandled ....................................................   Passed    0.08 sec
        Start 347: BinarySizeVerificationTest.AllDeviceFunctionsLinked
344/382 Test #344: AutoValidationEdgeCasesTest.StartWithEmptyKeyDoesNotCrash .............................   Passed    0.03 sec
        Start 348: TelemetryTest.CollectReturnsSdkName
345/382 Test #345: AutoValidationEdgeCasesTest.MultipleStartStopCycles ...................................   Passed    0.03 sec
        Start 349: TelemetryTest.CollectReturnsSdkVersion
346/382 Test #346: BinarySizeVerificationTest.AllCryptoFunctionsLinked ...................................   Passed    0.14 sec
        Start 350: TelemetryTest.CollectReturnsOsName
347/382 Test #347: BinarySizeVerificationTest.AllDeviceFunctionsLinked ...................................   Passed    0.14 sec
        Start 351: TelemetryTest.CollectReturnsOsVersion
348/382 Test #348: TelemetryTest.CollectReturnsSdkName ...................................................   Passed    0.26 sec
        Start 352: TelemetryTest.CollectReturnsPlatformAsNative
349/382 Test #349: TelemetryTest.CollectReturnsSdkVersion ................................................   Passed    0.25 sec
        Start 353: TelemetryTest.CollectReturnsDeviceModel
350/382 Test #350: TelemetryTest.CollectReturnsOsName ....................................................   Passed    0.12 sec
351/382 Test #351: TelemetryTest.CollectReturnsOsVersion .................................................   Passed    0.12 sec
        Start 354: TelemetryTest.CollectReturnsTimezone
        Start 355: TelemetryTest.CollectReturnsDeviceType
352/382 Test #355: TelemetryTest.CollectReturnsDeviceType ................................................   Passed    0.11 sec
        Start 356: TelemetryTest.CollectReturnsArchitecture
353/382 Test #352: TelemetryTest.CollectReturnsPlatformAsNative ..........................................   Passed    0.12 sec
354/382 Test #353: TelemetryTest.CollectReturnsDeviceModel ...............................................   Passed    0.12 sec
355/382 Test #354: TelemetryTest.CollectReturnsTimezone ..................................................   Passed    0.11 sec
        Start 357: TelemetryTest.CollectReturnsCpuCores
        Start 358: TelemetryTest.CollectReturnsMemoryGb
        Start 359: TelemetryTest.CollectReturnsLanguageWhenLangEnvSet
356/382 Test #356: TelemetryTest.CollectReturnsArchitecture ..............................................   Passed    0.12 sec
357/382 Test #357: TelemetryTest.CollectReturnsCpuCores ..................................................   Passed    0.12 sec
358/382 Test #358: TelemetryTest.CollectReturnsMemoryGb ..................................................   Passed    0.12 sec
        Start 360: TelemetryTest.CollectReturnsScreenResolution
        Start 361: TelemetryTest.CollectIncludesAppVersion
        Start 362: TelemetryTest.CollectIncludesAppBuild
359/382 Test #359: TelemetryTest.CollectReturnsLanguageWhenLangEnvSet ....................................   Passed    0.12 sec
        Start 363: TelemetryTest.CollectIncludesBothAppVersionAndBuild
360/382 Test #361: TelemetryTest.CollectIncludesAppVersion ...............................................   Passed    0.15 sec
361/382 Test #362: TelemetryTest.CollectIncludesAppBuild .................................................   Passed    0.15 sec
        Start 364: TelemetryTest.CollectOmitsEmptyAppVersion
        Start 365: TelemetryTest.CollectOmitsEmptyAppBuild
362/382 Test #360: TelemetryTest.CollectReturnsScreenResolution ..........................................   Passed    0.15 sec
363/382 Test #363: TelemetryTest.CollectIncludesBothAppVersionAndBuild ...................................   Passed    0.15 sec
        Start 366: TelemetryTest.CollectDropsUnsafeOrOversizedUserFields
        Start 367: TelemetryTest.CollectPreservesBoundedUnicodeUserFields
364/382 Test #365: TelemetryTest.CollectOmitsEmptyAppBuild ...............................................   Passed    0.12 sec
        Start 368: TelemetryTest.CollectReturnsAllExpectedFields
365/382 Test #364: TelemetryTest.CollectOmitsEmptyAppVersion .............................................   Passed    0.12 sec
366/382 Test #366: TelemetryTest.CollectDropsUnsafeOrOversizedUserFields .................................   Passed    0.12 sec
367/382 Test #367: TelemetryTest.CollectPreservesBoundedUnicodeUserFields ................................   Passed    0.12 sec
        Start 369: TelemetryTest.CollectNeverCrashes
        Start 370: TelemetryConfigTest.ConfigHasAppVersionField
        Start 371: TelemetryConfigTest.ConfigHasAppBuildField
368/382 Test #370: TelemetryConfigTest.ConfigHasAppVersionField ..........................................   Passed    0.04 sec
        Start 372: TelemetryConfigTest.ConfigHasHeartbeatInterval
369/382 Test #371: TelemetryConfigTest.ConfigHasAppBuildField ............................................   Passed    0.04 sec
        Start 373: TelemetryConfigTest.ConfigHeartbeatIntervalCanBeDisabled
370/382 Test #372: TelemetryConfigTest.ConfigHasHeartbeatInterval ........................................   Passed    0.03 sec
        Start 374: HeartbeatTimerTest.NotRunningByDefault
371/382 Test #373: TelemetryConfigTest.ConfigHeartbeatIntervalCanBeDisabled ..............................   Passed    0.03 sec
        Start 375: HeartbeatTimerTest.StartAndStopHeartbeat
372/382 Test #368: TelemetryTest.CollectReturnsAllExpectedFields .........................................   Passed    0.08 sec
        Start 376: HeartbeatTimerTest.DoesNotStartWhenIntervalIsZero
373/382 Test #375: HeartbeatTimerTest.StartAndStopHeartbeat ..............................................   Passed    0.02 sec
        Start 377: HeartbeatTimerTest.DoesNotStartWhenIntervalIsNegative
374/382 Test #374: HeartbeatTimerTest.NotRunningByDefault ................................................   Passed    0.03 sec
        Start 378: HeartbeatTimerTest.StartTwiceDoesNotCrash
375/382 Test #376: HeartbeatTimerTest.DoesNotStartWhenIntervalIsZero .....................................   Passed    0.03 sec
        Start 379: HeartbeatTimerTest.StopWhenNotRunningDoesNotCrash
376/382 Test #369: TelemetryTest.CollectNeverCrashes .....................................................   Passed    0.11 sec
        Start 380: HeartbeatTimerTest.ResetStopsHeartbeat
377/382 Test #377: HeartbeatTimerTest.DoesNotStartWhenIntervalIsNegative .................................   Passed    0.03 sec
        Start 381: HeartbeatTimerTest.DestructorStopsHeartbeat
378/382 Test #378: HeartbeatTimerTest.StartTwiceDoesNotCrash .............................................   Passed    0.03 sec
        Start 382: HeartbeatTimerTest.HeartbeatRunsIndependentlyOfAutoValidation
379/382 Test #379: HeartbeatTimerTest.StopWhenNotRunningDoesNotCrash .....................................   Passed    0.03 sec
380/382 Test #380: HeartbeatTimerTest.ResetStopsHeartbeat ................................................   Passed    0.04 sec
381/382 Test #381: HeartbeatTimerTest.DestructorStopsHeartbeat ...........................................   Passed    0.03 sec
382/382 Test #382: HeartbeatTimerTest.HeartbeatRunsIndependentlyOfAutoValidation .........................   Passed    0.03 sec

100% tests passed, 0 tests failed out of 382

Total Test time (real) =   4.07 sec
